madhuri@DESKTOP-D45N6PK:~$ sudo apt update
[sudo] password for madhuri:
Sorry, try again.
[sudo] password for madhuri:
Hit:1 http://archive.ubuntu.com/ubuntu focal InRelease
Get:2 http://security.ubuntu.com/ubuntu focal-security InRelease [114 kB]
Get:3 http://archive.ubuntu.com/ubuntu focal-updates InRelease [114 kB]
Get:4 http://archive.ubuntu.com/ubuntu focal-backports InRelease [108 kB]
Get:5 http://security.ubuntu.com/ubuntu focal-security/main amd64 Packages [1109 kB]
Get:6 http://archive.ubuntu.com/ubuntu focal-updates/main amd64 Packages [1445 kB]
Get:7 http://security.ubuntu.com/ubuntu focal-security/main Translation-en [202 kB]
Get:8 http://archive.ubuntu.com/ubuntu focal-updates/main Translation-en [289 kB]
Get:9 http://security.ubuntu.com/ubuntu focal-security/main amd64 c-n-f Metadata [9104 B]
Get:10 http://security.ubuntu.com/ubuntu focal-security/restricted amd64 Packages [609 kB]
Get:11 http://archive.ubuntu.com/ubuntu focal-updates/main amd64 c-n-f Metadata [14.7 kB]
Get:12 http://archive.ubuntu.com/ubuntu focal-updates/restricted amd64 Packages [663 kB]
Get:13 http://archive.ubuntu.com/ubuntu focal-updates/restricted Translation-en [94.6 kB]
Get:14 http://security.ubuntu.com/ubuntu focal-security/restricted Translation-en [86.8 kB]
Get:15 http://archive.ubuntu.com/ubuntu focal-updates/restricted amd64 c-n-f Metadata [532 B]
Get:16 http://archive.ubuntu.com/ubuntu focal-updates/universe amd64 Packages [892 kB]
Get:17 http://security.ubuntu.com/ubuntu focal-security/restricted amd64 c-n-f Metadata [536 B]
Get:18 http://security.ubuntu.com/ubuntu focal-security/universe amd64 Packages [675 kB]
Get:19 http://archive.ubuntu.com/ubuntu focal-updates/universe Translation-en [195 kB]
Get:20 http://archive.ubuntu.com/ubuntu focal-updates/universe amd64 c-n-f Metadata [20.0 kB]
Get:21 http://archive.ubuntu.com/ubuntu focal-updates/multiverse amd64 Packages [24.8 kB]
Get:22 http://archive.ubuntu.com/ubuntu focal-updates/multiverse amd64 c-n-f Metadata [620 B]
Get:23 http://security.ubuntu.com/ubuntu focal-security/universe Translation-en [114 kB]
Get:24 http://archive.ubuntu.com/ubuntu focal-backports/universe amd64 Packages [19.2 kB]
Get:25 http://archive.ubuntu.com/ubuntu focal-backports/universe Translation-en [13.3 kB]
Get:26 http://archive.ubuntu.com/ubuntu focal-backports/universe amd64 c-n-f Metadata [656 B]
Get:27 http://security.ubuntu.com/ubuntu focal-security/universe amd64 c-n-f Metadata [13.0 kB]
Get:28 http://security.ubuntu.com/ubuntu focal-security/multiverse amd64 Packages [21.8 kB]
Get:29 http://security.ubuntu.com/ubuntu focal-security/multiverse amd64 c-n-f Metadata [536 B]
Fetched 6848 kB in 24s (290 kB/s)
Reading package lists... Done
Building dependency tree
Reading state information... Done
97 packages can be upgraded. Run 'apt list --upgradable' to see them.
madhuri@DESKTOP-D45N6PK:~$ sudo apt install software-properties-common
[sudo] password for madhuri:
Reading package lists... Done
Building dependency tree
Reading state information... Done
The following additional packages will be installed:
  python3-software-properties
The following packages will be upgraded:
  python3-software-properties software-properties-common
2 upgraded, 0 newly installed, 0 to remove and 95 not upgraded.
Need to get 35.5 kB of archives.
After this operation, 0 B of additional disk space will be used.
Do you want to continue? [Y/n] y
Get:1 http://archive.ubuntu.com/ubuntu focal-updates/main amd64 software-properties-common all 0.99.9.8 [10.6 kB]
Get:2 http://archive.ubuntu.com/ubuntu focal-updates/main amd64 python3-software-properties all 0.99.9.8 [24.9 kB]
Fetched 35.5 kB in 1s (23.8 kB/s)
(Reading database ... 32223 files and directories currently installed.)
Preparing to unpack .../software-properties-common_0.99.9.8_all.deb ...
Unpacking software-properties-common (0.99.9.8) over (0.98.9.5) ...
Preparing to unpack .../python3-software-properties_0.99.9.8_all.deb ...
Unpacking python3-software-properties (0.99.9.8) over (0.98.9.5) ...
Setting up python3-software-properties (0.99.9.8) ...
Setting up software-properties-common (0.99.9.8) ...
Processing triggers for man-db (2.9.1-1) ...
Processing triggers for dbus (1.12.16-2ubuntu2.1) ...


madhuri@DESKTOP-D45N6PK:~$
madhuri@DESKTOP-D45N6PK:~$
madhuri@DESKTOP-D45N6PK:~$ sudo add-apt-repository --yes --update ppa:ansible/ansible
Get:1 http://ppa.launchpad.net/ansible/ansible/ubuntu focal InRelease [18.0 kB]
Hit:2 http://archive.ubuntu.com/ubuntu focal InRelease
Get:3 http://security.ubuntu.com/ubuntu focal-security InRelease [114 kB]
Get:4 http://archive.ubuntu.com/ubuntu focal-updates InRelease [114 kB]
Get:5 http://archive.ubuntu.com/ubuntu focal-backports InRelease [108 kB]
Get:6 http://ppa.launchpad.net/ansible/ansible/ubuntu focal/main amd64 Packages [1128 B]
Get:7 http://ppa.launchpad.net/ansible/ansible/ubuntu focal/main Translation-en [756 B]
Fetched 356 kB in 6s (62.4 kB/s)

Reading package lists... 6%
Reading package lists... Done
madhuri@DESKTOP-D45N6PK:~$
madhuri@DESKTOP-D45N6PK:~$
madhuri@DESKTOP-D45N6PK:~$ sudo apt install ansible
Reading package lists... Done
Building dependency tree
Reading state information... Done
The following additional packages will be installed:
  ansible-core python3-bcrypt python3-jmespath python3-kerberos python3-ntlm-auth python3-packaging python3-paramiko
  python3-pyparsing python3-requests-kerberos python3-requests-ntlm python3-resolvelib python3-winrm python3-xmltodict sshpass
Suggested packages:
  python3-gssapi python-pyparsing-doc
The following NEW packages will be installed:
  ansible ansible-core python3-bcrypt python3-jmespath python3-kerberos python3-ntlm-auth python3-packaging python3-paramiko
  python3-pyparsing python3-requests-kerberos python3-requests-ntlm python3-resolvelib python3-winrm python3-xmltodict sshpass
0 upgraded, 15 newly installed, 0 to remove and 95 not upgraded.
Need to get 22.7 MB of archives.
After this operation, 299 MB of additional disk space will be used.
Do you want to continue? [Y/n] y
Get:1 http://ppa.launchpad.net/ansible/ansible/ubuntu focal/main amd64 python3-resolvelib all 0.5.4-2ppa~focal [12.6 kB]
Get:2 http://archive.ubuntu.com/ubuntu focal/main amd64 python3-pyparsing all 2.4.6-1 [61.3 kB]
Get:3 http://ppa.launchpad.net/ansible/ansible/ubuntu focal/main amd64 ansible-core all 2.12.1-1ppa~focal [941 kB]
Get:4 http://archive.ubuntu.com/ubuntu focal/main amd64 python3-packaging all 20.3-1 [26.8 kB]
Get:5 http://archive.ubuntu.com/ubuntu focal-updates/main amd64 python3-jmespath all 0.9.4-2ubuntu1 [21.5 kB]
Get:6 http://archive.ubuntu.com/ubuntu focal/universe amd64 python3-kerberos amd64 1.1.14-3.1build1 [22.6 kB]
Get:7 http://archive.ubuntu.com/ubuntu focal/universe amd64 python3-ntlm-auth all 1.1.0-1 [19.6 kB]
Get:8 http://archive.ubuntu.com/ubuntu focal/main amd64 python3-bcrypt amd64 3.1.7-2ubuntu1 [30.4 kB]
Get:9 http://archive.ubuntu.com/ubuntu focal/main amd64 python3-paramiko all 2.6.0-2 [122 kB]
Get:10 http://archive.ubuntu.com/ubuntu focal/universe amd64 python3-requests-kerberos all 0.12.0-2 [11.9 kB]
Get:11 http://archive.ubuntu.com/ubuntu focal/universe amd64 python3-requests-ntlm all 1.1.0-1 [6004 B]
Get:12 http://archive.ubuntu.com/ubuntu focal/universe amd64 python3-xmltodict all 0.12.0-1 [12.6 kB]
Get:13 http://ppa.launchpad.net/ansible/ansible/ubuntu focal/main amd64 ansible all 5.1.0-1ppa~focal [21.4 MB]
Get:14 http://archive.ubuntu.com/ubuntu focal/universe amd64 python3-winrm all 0.3.0-2 [21.7 kB]
Get:15 http://archive.ubuntu.com/ubuntu focal/universe amd64 sshpass amd64 1.06-1 [10.5 kB]
Fetched 22.7 MB in 1min 24s (271 kB/s)
Selecting previously unselected package python3-pyparsing.
(Reading database ... 32223 files and directories currently installed.)
Preparing to unpack .../00-python3-pyparsing_2.4.6-1_all.deb ...
Unpacking python3-pyparsing (2.4.6-1) ...
Selecting previously unselected package python3-packaging.
Preparing to unpack .../01-python3-packaging_20.3-1_all.deb ...
Unpacking python3-packaging (20.3-1) ...
Selecting previously unselected package python3-resolvelib.
Preparing to unpack .../02-python3-resolvelib_0.5.4-2ppa~focal_all.deb ...
Unpacking python3-resolvelib (0.5.4-2ppa~focal) ...
Selecting previously unselected package ansible-core.
Preparing to unpack .../03-ansible-core_2.12.1-1ppa~focal_all.deb ...
Unpacking ansible-core (2.12.1-1ppa~focal) ...
Selecting previously unselected package ansible.
Preparing to unpack .../04-ansible_5.1.0-1ppa~focal_all.deb ...
Unpacking ansible (5.1.0-1ppa~focal) ...



Selecting previously unselected package python3-jmespath.
Preparing to unpack .../05-python3-jmespath_0.9.4-2ubuntu1_all.deb ...
Unpacking python3-jmespath (0.9.4-2ubuntu1) ...
Selecting previously unselected package python3-kerberos.
Preparing to unpack .../06-python3-kerberos_1.1.14-3.1build1_amd64.deb ...
Unpacking python3-kerberos (1.1.14-3.1build1) ...
Selecting previously unselected package python3-ntlm-auth.
Preparing to unpack .../07-python3-ntlm-auth_1.1.0-1_all.deb ...
Unpacking python3-ntlm-auth (1.1.0-1) ...
Selecting previously unselected package python3-bcrypt.
Preparing to unpack .../08-python3-bcrypt_3.1.7-2ubuntu1_amd64.deb ...
Unpacking python3-bcrypt (3.1.7-2ubuntu1) ...
Selecting previously unselected package python3-paramiko.
Preparing to unpack .../09-python3-paramiko_2.6.0-2_all.deb ...
Unpacking python3-paramiko (2.6.0-2) ...
Selecting previously unselected package python3-requests-kerberos.
Preparing to unpack .../10-python3-requests-kerberos_0.12.0-2_all.deb ...
Unpacking python3-requests-kerberos (0.12.0-2) ...
Selecting previously unselected package python3-requests-ntlm.
Preparing to unpack .../11-python3-requests-ntlm_1.1.0-1_all.deb ...
Unpacking python3-requests-ntlm (1.1.0-1) ...
Selecting previously unselected package python3-xmltodict.
Preparing to unpack .../12-python3-xmltodict_0.12.0-1_all.deb ...
Unpacking python3-xmltodict (0.12.0-1) ...
Selecting previously unselected package python3-winrm.
Preparing to unpack .../13-python3-winrm_0.3.0-2_all.deb ...
Unpacking python3-winrm (0.3.0-2) ...
Selecting previously unselected package sshpass.
Preparing to unpack .../14-sshpass_1.06-1_amd64.deb ...
Unpacking sshpass (1.06-1) ...
Setting up python3-ntlm-auth (1.1.0-1) ...
Setting up python3-bcrypt (3.1.7-2ubuntu1) ...
Setting up python3-resolvelib (0.5.4-2ppa~focal) ...
Setting up python3-kerberos (1.1.14-3.1build1) ...
Setting up sshpass (1.06-1) ...
Setting up python3-xmltodict (0.12.0-1) ...
Setting up python3-pyparsing (2.4.6-1) ...
Setting up python3-jmespath (0.9.4-2ubuntu1) ...
Setting up python3-requests-kerberos (0.12.0-2) ...
Setting up python3-paramiko (2.6.0-2) ...
Setting up python3-requests-ntlm (1.1.0-1) ...
Setting up python3-packaging (20.3-1) ...
Setting up python3-winrm (0.3.0-2) ...
Setting up ansible-core (2.12.1-1ppa~focal) ...
Setting up ansible (5.1.0-1ppa~focal) ...

Processing triggers for man-db (2.9.1-1) ...

madhuri@DESKTOP-D45N6PK:~$
madhuri@DESKTOP-D45N6PK:~$ ansible all -m ping --ask--pass
usage: ansible [-h] [--version] [-v] [-b] [--become-method BECOME_METHOD] [--become-user BECOME_USER]
               [-K | --become-password-file BECOME_PASSWORD_FILE] [-i INVENTORY] [--list-hosts] [-l SUBSET] [-P POLL_INTERVAL]
               [-B SECONDS] [-o] [-t TREE] [--private-key PRIVATE_KEY_FILE] [-u REMOTE_USER] [-c CONNECTION] [-T TIMEOUT]
               [--ssh-common-args SSH_COMMON_ARGS] [--sftp-extra-args SFTP_EXTRA_ARGS] [--scp-extra-args SCP_EXTRA_ARGS]
               [--ssh-extra-args SSH_EXTRA_ARGS] [-k | --connection-password-file CONNECTION_PASSWORD_FILE] [-C] [--syntax-check]
               [-D] [-e EXTRA_VARS] [--vault-id VAULT_IDS] [--ask-vault-password | --vault-password-file VAULT_PASSWORD_FILES]
               [-f FORKS] [-M MODULE_PATH] [--playbook-dir BASEDIR] [--task-timeout TASK_TIMEOUT] [-a MODULE_ARGS] [-m MODULE_NAME]
               pattern
ansible: error: unrecognized arguments: --ask--pass

usage: ansible [-h] [--version] [-v] [-b] [--become-method BECOME_METHOD] [--become-user BECOME_USER]
               [-K | --become-password-file BECOME_PASSWORD_FILE] [-i INVENTORY] [--list-hosts] [-l SUBSET] [-P POLL_INTERVAL]
               [-B SECONDS] [-o] [-t TREE] [--private-key PRIVATE_KEY_FILE] [-u REMOTE_USER] [-c CONNECTION] [-T TIMEOUT]
               [--ssh-common-args SSH_COMMON_ARGS] [--sftp-extra-args SFTP_EXTRA_ARGS] [--scp-extra-args SCP_EXTRA_ARGS]
               [--ssh-extra-args SSH_EXTRA_ARGS] [-k | --connection-password-file CONNECTION_PASSWORD_FILE] [-C] [--syntax-check]
               [-D] [-e EXTRA_VARS] [--vault-id VAULT_IDS] [--ask-vault-password | --vault-password-file VAULT_PASSWORD_FILES]
               [-f FORKS] [-M MODULE_PATH] [--playbook-dir BASEDIR] [--task-timeout TASK_TIMEOUT] [-a MODULE_ARGS] [-m MODULE_NAME]
               pattern

Define and run a single task 'playbook' against a set of hosts

positional arguments:
  pattern               host pattern

optional arguments:
  --ask-vault-password, --ask-vault-pass
                        ask for vault password
  --become-password-file BECOME_PASSWORD_FILE, --become-pass-file BECOME_PASSWORD_FILE
                        Become password file
  --connection-password-file CONNECTION_PASSWORD_FILE, --conn-pass-file CONNECTION_PASSWORD_FILE
                        Connection password file
  --list-hosts          outputs a list of matching hosts; does not execute anything else
  --playbook-dir BASEDIR
                        Since this tool does not use playbooks, use this as a substitute playbook directory.This sets the relative
                        path for many features including roles/ group_vars/ etc.
  --syntax-check        perform a syntax check on the playbook, but do not execute it
  --task-timeout TASK_TIMEOUT
                        set task timeout limit in seconds, must be positive integer.
  --vault-id VAULT_IDS  the vault identity to use
  --vault-password-file VAULT_PASSWORD_FILES, --vault-pass-file VAULT_PASSWORD_FILES
                        vault password file
  --version             show program's version number, config file location, configured module search path, module location,
                        executable location and exit
  -B SECONDS, --background SECONDS
                        run asynchronously, failing after X seconds (default=N/A)
  -C, --check           don't make any changes; instead, try to predict some of the changes that may occur
  -D, --diff            when changing (small) files and templates, show the differences in those files; works great with --check
  -K, --ask-become-pass
                        ask for privilege escalation password
  -M MODULE_PATH, --module-path MODULE_PATH
                        prepend colon-separated path(s) to module library
                        (default=~/.ansible/plugins/modules:/usr/share/ansible/plugins/modules)
  -P POLL_INTERVAL, --poll POLL_INTERVAL
                        set the poll interval if using -B (default=15)
  -a MODULE_ARGS, --args MODULE_ARGS
                        The action's options in space separated k=v format: -a 'opt1=val1 opt2=val2'
  -e EXTRA_VARS, --extra-vars EXTRA_VARS
                        set additional variables as key=value or YAML/JSON, if filename prepend with @
  -f FORKS, --forks FORKS
                        specify number of parallel processes to use (default=5)
  -h, --help            show this help message and exit
  -i INVENTORY, --inventory INVENTORY, --inventory-file INVENTORY
                        specify inventory host path or comma separated host list. --inventory-file is deprecated
  -k, --ask-pass        ask for connection password
  -l SUBSET, --limit SUBSET
                        further limit selected hosts to an additional pattern
  -m MODULE_NAME, --module-name MODULE_NAME
                        Name of the action to execute (default=command)
  -o, --one-line        condense output
  -t TREE, --tree TREE  log output to this directory
  -v, --verbose         verbose mode (-vvv for more, -vvvv to enable connection debugging)

Privilege Escalation Options:
  control how and which user you become as on target hosts

  --become-method BECOME_METHOD
                        privilege escalation method to use (default=sudo), use `ansible-doc -t become -l` to list valid choices.
  --become-user BECOME_USER
                        run operations as this user (default=root)
  -b, --become          run operations with become (does not imply password prompting)

Connection Options:
  control as whom and how to connect to hosts

  --private-key PRIVATE_KEY_FILE, --key-file PRIVATE_KEY_FILE
                        use this file to authenticate the connection
  --scp-extra-args SCP_EXTRA_ARGS
                        specify extra arguments to pass to scp only (e.g. -l)
  --sftp-extra-args SFTP_EXTRA_ARGS
                        specify extra arguments to pass to sftp only (e.g. -f, -l)
  --ssh-common-args SSH_COMMON_ARGS
                        specify common arguments to pass to sftp/scp/ssh (e.g. ProxyCommand)
  --ssh-extra-args SSH_EXTRA_ARGS
                        specify extra arguments to pass to ssh only (e.g. -R)
  -T TIMEOUT, --timeout TIMEOUT
                        override the connection timeout in seconds (default=10)
  -c CONNECTION, --connection CONNECTION
                        connection type to use (default=smart)
  -u REMOTE_USER, --user REMOTE_USER
                        connect as this user (default=None)

Some actions do not make sense in Ad-Hoc (include, meta, etc)
madhuri@DESKTOP-D45N6PK:~$ sudo apt install python3-argcomplete
[sudo] password for madhuri:
Reading package lists... Done
Building dependency tree
Reading state information... Done
The following NEW packages will be installed:
  python3-argcomplete
0 upgraded, 1 newly installed, 0 to remove and 95 not upgraded.
Need to get 27.2 kB of archives.
After this operation, 126 kB of additional disk space will be used.
Get:1 http://archive.ubuntu.com/ubuntu focal/universe amd64 python3-argcomplete all 1.8.1-1.3ubuntu1 [27.2 kB]
Fetched 27.2 kB in 1s (19.1 kB/s)
Selecting previously unselected package python3-argcomplete.
(Reading database ... 76764 files and directories currently installed.)
Preparing to unpack .../python3-argcomplete_1.8.1-1.3ubuntu1_all.deb ...
Unpacking python3-argcomplete (1.8.1-1.3ubuntu1) ...
Setting up python3-argcomplete (1.8.1-1.3ubuntu1) ...
Processing triggers for man-db (2.9.1-1) ...

madhuri@DESKTOP-D45N6PK:~$
madhuri@DESKTOP-D45N6PK:~$ python -m pip install argcomplete

Command 'python' not found, did you mean:

  command 'python3' from deb python3
  command 'python' from deb python-is-python3

madhuri@DESKTOP-D45N6PK:~$ sudo yum install python-argcomplete
sudo: yum: command not found
